<UIView; frame = (0 0; 1024 768); autoresize = W+H; layer = <CALayer>>
   | <UIView; frame = (487 20; 50 50); layer = <CALayer>>
   | <UIView; frame = (0 369; 50 50); layer = <CALayer>>
   | <UIView; frame = (974 369; 50 50); layer = <CALayer>>
   | <UIView; frame = (487 718; 50 50); layer = <CALayer>>