<UIView; frame = (0 0; 1194 834); autoresize = W+H; layer = <CALayer>>
   | <UIView; frame = (572 24; 50 50); layer = <CALayer>>
   | <UIView; frame = (0 394; 50 50); layer = <CALayer>>
   | <UIView; frame = (1144 394; 50 50); layer = <CALayer>>
   | <UIView; frame = (572 764; 50 50); layer = <CALayer>>