<UIView; frame = (0 0; 414 736); autoresize = W+H; layer = <CALayer>>
   | <UIView; frame = (182 20; 50 50); layer = <CALayer>>
   | <UIView; frame = (0 353; 50 50); layer = <CALayer>>
   | <UIView; frame = (364 353; 50 50); layer = <CALayer>>
   | <UIView; frame = (182 686; 50 50); layer = <CALayer>>