<UIView; frame = (0 0; 414 896); autoresize = W+H; layer = <CALayer>>
   | <UIView; frame = (182 44; 50 50); layer = <CALayer>>
   | <UIView; frame = (0 428; 50 50); layer = <CALayer>>
   | <UIView; frame = (364 428; 50 50); layer = <CALayer>>
   | <UIView; frame = (182 812; 50 50); layer = <CALayer>>