<UIView; frame = (0 0; 1366 1024); autoresize = W+H; layer = <CALayer>>
   | <UIView; frame = (658 20; 50 50); layer = <CALayer>>
   | <UIView; frame = (0 497; 50 50); layer = <CALayer>>
   | <UIView; frame = (1316 497; 50 50); layer = <CALayer>>
   | <UIView; frame = (658 974; 50 50); layer = <CALayer>>