<UIView; frame = (0 0; 320 568); autoresize = W+H; layer = <CALayer>>
   | <UIView; frame = (135 20; 50 50); layer = <CALayer>>
   | <UIView; frame = (0 269; 50 50); layer = <CALayer>>
   | <UIView; frame = (270 269; 50 50); layer = <CALayer>>
   | <UIView; frame = (135 518; 50 50); layer = <CALayer>>