<UIView; frame = (0 0; 375 667); autoresize = W+H; layer = <CALayer>>
   | <UIView; frame = (162.667 20; 50 50); layer = <CALayer>>
   | <UIView; frame = (0 318.667; 50 50); layer = <CALayer>>
   | <UIView; frame = (325 318.667; 50 50); layer = <CALayer>>
   | <UIView; frame = (162.667 617; 50 50); layer = <CALayer>>