<UIView; frame = (0 0; 1080 810); autoresize = W+H; layer = <CALayer>>
   | <UIView; frame = (515 20; 50 50); layer = <CALayer>>
   | <UIView; frame = (0 390; 50 50); layer = <CALayer>>
   | <UIView; frame = (1030 390; 50 50); layer = <CALayer>>
   | <UIView; frame = (515 760; 50 50); layer = <CALayer>>