<UIView; frame = (0 0; 1112 834); autoresize = W+H; layer = <CALayer>>
   | <UIView; frame = (531 20; 50 50); layer = <CALayer>>
   | <UIView; frame = (0 402; 50 50); layer = <CALayer>>
   | <UIView; frame = (1062 402; 50 50); layer = <CALayer>>
   | <UIView; frame = (531 784; 50 50); layer = <CALayer>>