<UIView; frame = (0 0; 375 812); autoresize = W+H; layer = <CALayer>>
   | <UIView; frame = (162.667 44; 50 50); layer = <CALayer>>
   | <UIView; frame = (0 386; 50 50); layer = <CALayer>>
   | <UIView; frame = (325 386; 50 50); layer = <CALayer>>
   | <UIView; frame = (162.667 728; 50 50); layer = <CALayer>>